{
  "units": [
    {
      "keyspace": "system_auth",
      "tables": [
        "role_members",
        "roles"
      ],
      "all_tables": true
    },
    {
      "keyspace": "system_distributed",
      "tables": [
        "view_build_status"
      ],
      "all_tables": true
    },
    {
      "keyspace": "system_schema",
      "tables": [
        "indexes",
        "columns",
        "types",
        "tables",
        "view_virtual_columns",
        "keyspaces",
        "scylla_tables",
        "views",
        "dropped_columns",
        "triggers",
        "aggregates",
        "functions"
      ],
      "all_tables": true
    },
    {
      "keyspace": "system_traces",
      "tables": [
        "node_slow_log_time_idx",
        "node_slow_log",
        "events",
        "sessions",
        "sessions_time_idx"
      ],
      "all_tables": true
    }
  ],
  "dc": [
    "dc1",
    "dc2"
  ],
  "location": [
    "s3:backuptest-get-target",
    "dc1:s3:backuptest-get-target"
  ],
  "retention": 3,
  "rate_limit": ["100"],
  "snapshot_parallel": null,
  "upload_parallel": null,
  "continue": true
}