auth_token: ""
https: 192.168.100.11:10001
tls_cert_file: ./testdata/auth/scylla_manager.crt
tls_key_file: ./testdata/auth/scylla_manager.key
prometheus: :1234
debug: 127.0.0.1:56112
cpu: -1
logger:
  mode: stderr
  level: info
  development: false
scylla:
  api_address: 0.0.0.0
  api_port: "10000"
  listenaddress: 192.168.100.11
  prometheusaddress: 192.168.100.11
  prometheusport: "9180"
  datadirectory: /var/lib/scylla/data
s3:
  access_key_id: ""
  secret_access_key: ""
  region: ""
  endpoint: ""
  server_side_encryption: ""
  sse_kms_key_id: ""
  upload_concurrency: ""
  chunk_size: ""
  max_retries: ""
  use_accelerate_endpoint: ""
